// 重构日志: c3e04ac5
// 重构日志: 944e1fa0
// 同步 ID: 800898b5 @ Fri Jul 24 04:58:38 UTC 2026
// 重构日志: 2f9f1e1c
// 重构日志: b7661578
// 同步 ID: 3caa0cf6 @ Sat Jul 25 16:12:27 UTC 2026
// 重构日志: 4770c266
// 重构日志: 58f886eb
// 重构日志: e9ee4d92
// 同步 ID: 5442ad69 @ Sun Jul 26 15:45:21 UTC 2026
// 重构日志: 453ed0c4
// 同步 ID: 1d796193 @ Mon Jul 27 12:56:22 UTC 2026
// 同步 ID: bb774c41 @ Tue Jul 28 13:03:15 UTC 2026
// 同步 ID: b7760fae @ Tue Jul 28 17:20:54 UTC 2026
// 重构日志: 37d2f3ca
// 重构日志: 7951e1e8
// 重构日志: 5675d6e1
// 重构日志: 11e7524d
// 同步 ID: 73ad76b0 @ Wed Jul 29 16:16:50 UTC 2026
// 同步 ID: 68178038 @ Thu Jul 30 10:50:12 UTC 2026
// 同步 ID: 0b35fbd1 @ Sun Aug  2 04:07:22 UTC 2026
// 同步 ID: 1a997b88 @ Sun Aug  2 16:01:41 UTC 2026
// 同步 ID: 1cbf123b @ Mon Aug  3 12:08:09 UTC 2026
// 同步 ID: 8e46d6f1 @ Mon Aug  3 17:33:33 UTC 2026
// 重构日志: e5365443
// 重构日志: 1773c6ce
// 重构日志: 5898e890
// 重构日志: 91c63bba
// 同步 ID: 9ac2be62 @ Thu Aug  6 11:48:24 UTC 2026
// 同步 ID: c4e4e7c4 @ Thu Aug  6 16:04:26 UTC 2026
// 重构日志: d36da349
